[    0.000000] Initializing cgroup subsys cpuset
[    0.000000] Initializing cgroup subsys cpu
[    0.000000] Initializing cgroup subsys cpuacct
[    0.000000] Linux version 4.4.0-210-generic (buildd@lgw01-amd64-009) (gcc version 5.4.0 20160609 (Ubuntu 5.4.0-6ubuntu1~16.04.12) ) #242-Ubuntu SMP Fri Apr 16 09:57:56 UTC 2021 (Ubuntu 4.4.0-210.242-generic 4.4.262)
[    0.000000] Command line: BOOT_IMAGE=/boot/vmlinuz-4.4.0-210-generic root=LABEL=cloudimg-rootfs ro console=tty1 console=ttyS0
[    0.000000] KERNEL supported cpus:
[    0.000000]   Intel GenuineIntel
[    0.000000]   AMD AuthenticAMD
[    0.000000]   Centaur CentaurHauls
[    0.000000] x86/fpu: xstate_offset[2]:  576, xstate_sizes[2]:  256
[    0.000000] x86/fpu: Supporting XSAVE feature 0x01: 'x87 floating point registers'
[    0.000000] x86/fpu: Supporting XSAVE feature 0x02: 'SSE registers'
[    0.000000] x86/fpu: Supporting XSAVE feature 0x04: 'AVX registers'
[    0.000000] x86/fpu: Enabled xstate features 0x7, context size is 832 bytes, using 'standard' format.
[    0.000000] e820: BIOS-provided physical RAM map:
[    0.000000] BIOS-e820: [mem 0x0000000000000000-0x000000000009fbff] usable
[    0.000000] BIOS-e820: [mem 0x000000000009fc00-0x000000000009ffff] reserved
[    0.000000] BIOS-e820: [mem 0x00000000000f0000-0x00000000000fffff] reserved
[    0.000000] BIOS-e820: [mem 0x0000000000100000-0x000000003ffeffff] usable
[    0.000000] BIOS-e820: [mem 0x000000003fff0000-0x000000003fffffff] ACPI data
[    0.000000] BIOS-e820: [mem 0x00000000fec00000-0x00000000fec00fff] reserved
[    0.000000] BIOS-e820: [mem 0x00000000fee00000-0x00000000fee00fff] reserved
[    0.000000] BIOS-e820: [mem 0x00000000fffc0000-0x00000000ffffffff] reserved
[    0.000000] NX (Execute Disable) protection: active
[    0.000000] SMBIOS 2.5 present.
[    0.000000] Hypervisor detected: KVM
[    0.000000] e820: last_pfn = 0x3fff0 max_arch_pfn = 0x400000000
[    0.000000] MTRR: Disabled
[    0.000000] x86/PAT: MTRRs disabled, skipping PAT initialization too.
[    0.000000] CPU MTRRs all blank - virtualized system.
[    0.000000] x86/PAT: Configuration [0-7]: WB  WT  UC- UC  WB  WT  UC- UC  
[    0.000000] found SMP MP-table at [mem 0x0009fff0-0x0009ffff] mapped at [ffff88000009fff0]
[    0.000000] Scanning 1 areas for low memory corruption
[    0.000000] RAMDISK: [mem 0x362dc000-0x37165fff]
[    0.000000] ACPI: Early table checksum verification disabled
[    0.000000] ACPI: RSDP 0x00000000000E0000 000024 (v02 VBOX  )
[    0.000000] ACPI: XSDT 0x000000003FFF0030 00003C (v01 VBOX   VBOXXSDT 00000001 ASL  00000061)
[    0.000000] ACPI: FACP 0x000000003FFF00F0 0000F4 (v04 VBOX   VBOXFACP 00000001 ASL  00000061)
[    0.000000] ACPI: DSDT 0x000000003FFF0470 0022EA (v02 VBOX   VBOXBIOS 00000002 INTL 20100528)
[    0.000000] ACPI: FACS 0x000000003FFF0200 000040
[    0.000000] ACPI: FACS 0x000000003FFF0200 000040
[    0.000000] ACPI: APIC 0x000000003FFF0240 00005C (v02 VBOX   VBOXAPIC 00000001 ASL  00000061)
[    0.000000] ACPI: SSDT 0x000000003FFF02A0 0001CC (v01 VBOX   VBOXCPUT 00000002 INTL 20100528)
[    0.000000] No NUMA configuration found
[    0.000000] Faking a node at [mem 0x0000000000000000-0x000000003ffeffff]
[    0.000000] NODE_DATA(0) allocated [mem 0x3ffeb000-0x3ffeffff]
[    0.000000] kvm-clock: Using msrs 4b564d01 and 4b564d00
[    0.000000] kvm-clock: cpu 0, msr 0:3ffe3001, primary cpu clock
[    0.000000] kvm-clock: using sched offset of 7170798647 cycles
[    0.000000] clocksource: kvm-clock: mask: 0xffffffffffffffff max_cycles: 0x1cd42e4dffb, max_idle_ns: 881590591483 ns
[    0.000000] Zone ranges:
[    0.000000]   DMA      [mem 0x0000000000001000-0x0000000000ffffff]
[    0.000000]   DMA32    [mem 0x0000000001000000-0x000000003ffeffff]
[    0.000000]   Normal   empty
[    0.000000]   Device   empty
[    0.000000] Movable zone start for each node
[    0.000000] Early memory node ranges
[    0.000000]   node   0: [mem 0x0000000000001000-0x000000000009efff]
[    0.000000]   node   0: [mem 0x0000000000100000-0x000000003ffeffff]
[    0.000000] Initmem setup node 0 [mem 0x0000000000001000-0x000000003ffeffff]
[    0.000000] ACPI: PM-Timer IO Port: 0x4008
[    0.000000] IOAPIC[0]: apic_id 2, version 32, address 0xfec00000, GSI 0-23
[    0.000000] ACPI: INT_SRC_OVR (bus 0 bus_irq 0 global_irq 2 dfl dfl)
[    0.000000] ACPI: INT_SRC_OVR (bus 0 bus_irq 9 global_irq 9 low level)
[    0.000000] Using ACPI (MADT) for SMP configuration information
[    0.000000] smpboot: Allowing 2 CPUs, 0 hotplug CPUs
[    0.000000] PM: Registered nosave memory: [mem 0x00000000-0x00000fff]
[    0.000000] PM: Registered nosave memory: [mem 0x0009f000-0x0009ffff]
[    0.000000] PM: Registered nosave memory: [mem 0x000a0000-0x000effff]
[    0.000000] PM: Registered nosave memory: [mem 0x000f0000-0x000fffff]
[    0.000000] e820: [mem 0x40000000-0xfebfffff] available for PCI devices
[    0.000000] Booting paravirtualized kernel on KVM
[    0.000000] clocksource: refined-jiffies: mask: 0xffffffff max_cycles: 0xffffffff, max_idle_ns: 7645519600211568 ns
[    0.000000] setup_percpu: NR_CPUS:512 nr_cpumask_bits:512 nr_cpu_ids:2 nr_node_ids:1
[    0.000000] PERCPU: Embedded 33 pages/cpu @ffff88003fc00000 s95192 r8192 d31784 u1048576
[    0.000000] Built 1 zonelists in Node order, mobility grouping on.  Total pages: 257912
[    0.000000] Policy zone: DMA32
[    0.000000] Kernel command line: BOOT_IMAGE=/boot/vmlinuz-4.4.0-210-generic root=LABEL=cloudimg-rootfs ro console=tty1 console=ttyS0
[    0.000000] PID hash table entries: 4096 (order: 3, 32768 bytes)
[    0.000000] Memory: 997792K/1048120K available (8644K kernel code, 1332K rwdata, 4044K rodata, 1492K init, 1164K bss, 50328K reserved, 0K cma-reserved)
[    0.000000] SLUB: HWalign=64, Order=0-3, MinObjects=0, CPUs=2, Nodes=1
[    0.000000] Kernel/User page tables isolation: enabled
[    0.000000] Hierarchical RCU implementation.
[    0.000000] 	Build-time adjustment of leaf fanout to 64.
[    0.000000] 	RCU restricting CPUs from NR_CPUS=512 to nr_cpu_ids=2.
[    0.000000] RCU: Adjusting geometry for rcu_fanout_leaf=64, nr_cpu_ids=2
[    0.000000] NR_IRQS:33024 nr_irqs:440 16
[    0.000000] Console: colour VGA+ 80x25
[    0.000000] console [tty1] enabled
[    0.000000] console [ttyS0] enabled
[    0.000000] tsc: Detected 1799.999 MHz processor
[    0.297441] Calibrating delay loop (skipped) preset value.. 3599.99 BogoMIPS (lpj=7199996)
[    0.300833] pid_max: default: 32768 minimum: 301
[    0.303209] ACPI: Core revision 20150930
[    0.305991] ACPI: 2 ACPI AML tables successfully acquired and loaded
[    0.308835] Security Framework initialized
[    0.311784] Yama: becoming mindful.
[    0.313850] AppArmor: AppArmor initialized
[    0.315906] Dentry cache hash table entries: 131072 (order: 8, 1048576 bytes)
[    0.322679] Inode-cache hash table entries: 65536 (order: 7, 524288 bytes)
[    0.326789] Mount-cache hash table entries: 2048 (order: 2, 16384 bytes)
[    0.329550] Mountpoint-cache hash table entries: 2048 (order: 2, 16384 bytes)
[    0.332907] Initializing cgroup subsys io
[    0.334995] Initializing cgroup subsys memory
[    0.340132] Initializing cgroup subsys devices
[    0.344037] Initializing cgroup subsys freezer
[    0.347126] Initializing cgroup subsys net_cls
[    0.350073] Initializing cgroup subsys perf_event
[    0.354084] Initializing cgroup subsys net_prio
[    0.355978] Initializing cgroup subsys hugetlb
[    0.362601] Initializing cgroup subsys pids
[    0.374776] mce: CPU supports 0 MCE banks
[    0.376574] Last level iTLB entries: 4KB 64, 2MB 8, 4MB 8
[    0.379506] Last level dTLB entries: 4KB 64, 2MB 0, 4MB 0, 1GB 4
[    0.381969] Spectre V1 : Mitigation: usercopy/swapgs barriers and __user pointer sanitization
[    0.391555] Spectre V2 : Mitigation: Full generic retpoline
[    0.397110] Spectre V2 : Spectre v2 / SpectreRSB mitigation: Filling RSB on context switch
[    0.410424] Speculative Store Bypass: Vulnerable
[    0.415719] SRBDS: Unknown: Dependent on hypervisor status
[    0.419942] MDS: Mitigation: Clear CPU buffers
[    0.435836] Freeing SMP alternatives memory: 36K
[    0.459360] ftrace: allocating 32380 entries in 127 pages
[    0.599536] smpboot: APIC(0) Converting physical 0 to logical package 0
[    0.602349] smpboot: Max logical packages: 1
[    0.604886] x2apic enabled
[    0.607813] Switched APIC routing to physical x2apic.
[    0.613241] ..TIMER: vector=0x30 apic1=0 pin1=2 apic2=-1 pin2=-1
[    0.732707] smpboot: CPU0: Intel(R) Core(TM) i5-5350U CPU @ 1.80GHz (family: 0x6, model: 0x3d, stepping: 0x4)
[    0.739522] Performance Events: unsupported p6 CPU model 61 no PMU driver, software events only.
[    0.768508] KVM setup paravirtual spinlock
[    0.772196] x86: Booting SMP configuration:
[    0.774870] .... node  #0, CPUs:      #1
[    0.778304] kvm-clock: cpu 1, msr 0:3ffe3041, secondary cpu clock
[    0.795143] mce: CPU supports 0 MCE banks
[    0.824791] x86: Booted up 1 node, 2 CPUs
[    0.827347] smpboot: Total of 2 processors activated (7199.99 BogoMIPS)
[    0.833270] devtmpfs: initialized
[    0.836973] evm: security.selinux
[    0.840618] evm: security.SMACK64
[    0.842229] evm: security.SMACK64EXEC
[    0.844077] evm: security.SMACK64TRANSMUTE
[    0.846390] evm: security.SMACK64MMAP
[    0.852066] evm: security.ima
[    0.853844] evm: security.capability
[    0.857221] clocksource: jiffies: mask: 0xffffffff max_cycles: 0xffffffff, max_idle_ns: 7645041785100000 ns
[    0.865245] futex hash table entries: 512 (order: 3, 32768 bytes)
[    0.876685] pinctrl core: initialized pinctrl subsystem
[    0.879938] RTC time: 15:22:45, date: 06/07/22
[    0.885797] NET: Registered protocol family 16
[    0.901025] cpuidle: using governor ladder
[    0.914769] cpuidle: using governor menu
[    0.916746] PCCT header not found.
[    0.920553] ACPI: bus type PCI registered
[    0.922191] acpiphp: ACPI Hot Plug PCI Controller Driver version: 0.5
[    0.926367] PCI: Using configuration type 1 for base access
[    0.944883] ACPI: Added _OSI(Module Device)
[    0.947910] ACPI: Added _OSI(Processor Device)
[    0.951668] ACPI: Added _OSI(3.0 _SCP Extensions)
[    0.955217] ACPI: Added _OSI(Processor Aggregator Device)
[    0.959044] ACPI: Executed 1 blocks of module-level executable AML code
[    0.967567] ACPI: Interpreter enabled
[    0.969385] ACPI: (supports S0 S5)
[    0.971011] ACPI: Using IOAPIC for interrupt routing
[    0.973535] PCI: Using host bridge windows from ACPI; if necessary, use "pci=nocrs" and report a bug
[    0.988420] ACPI: PCI Root Bridge [PCI0] (domain 0000 [bus 00-ff])
[    0.992313] acpi PNP0A03:00: _OSC: OS supports [ASPM ClockPM Segments MSI]
[    0.999816] acpi PNP0A03:00: _OSC: not requesting OS control; OS requires [ExtendedConfig ASPM ClockPM MSI]
[    1.005597] acpi PNP0A03:00: fail to add MMCONFIG information, can't access extended PCI configuration space under this bridge.
[    1.011879] PCI host bridge to bus 0000:00
[    1.016146] pci_bus 0000:00: root bus resource [io  0x0000-0x0cf7 window]
[    1.018821] pci_bus 0000:00: root bus resource [io  0x0d00-0xffff window]
[    1.021592] pci_bus 0000:00: root bus resource [mem 0x000a0000-0x000bffff window]
[    1.024778] pci_bus 0000:00: root bus resource [mem 0x40000000-0xfdffffff window]
[    1.028547] pci_bus 0000:00: root bus resource [bus 00-ff]
[    1.039415] pci 0000:00:01.1: legacy IDE quirk: reg 0x10: [io  0x01f0-0x01f7]
[    1.042199] pci 0000:00:01.1: legacy IDE quirk: reg 0x14: [io  0x03f6]
[    1.045809] pci 0000:00:01.1: legacy IDE quirk: reg 0x18: [io  0x0170-0x0177]
[    1.066694] pci 0000:00:01.1: legacy IDE quirk: reg 0x1c: [io  0x0376]
[    1.106628] pci 0000:00:07.0: quirk: [io  0x4000-0x403f] claimed by PIIX4 ACPI
[    1.110121] pci 0000:00:07.0: quirk: [io  0x4100-0x410f] claimed by PIIX4 SMB
[    1.140119] ACPI: PCI Interrupt Link [LNKA] (IRQs 5 9 10 *11)
[    1.144023] ACPI: PCI Interrupt Link [LNKB] (IRQs 5 9 *10 11)
[    1.149536] ACPI: PCI Interrupt Link [LNKC] (IRQs 5 *9 10 11)
[    1.155520] ACPI: PCI Interrupt Link [LNKD] (IRQs 5 9 10 *11)
[    1.161546] ACPI: Enabled 2 GPEs in block 00 to 07
[    1.166480] vgaarb: setting as boot device: PCI:0000:00:02.0
[    1.169829] vgaarb: device added: PCI:0000:00:02.0,decodes=io+mem,owns=io+mem,locks=none
[    1.174414] vgaarb: loaded
[    1.175977] vgaarb: bridge control possible 0000:00:02.0
[    1.180105] SCSI subsystem initialized
[    1.183569] ACPI: bus type USB registered
[    1.186353] usbcore: registered new interface driver usbfs
[    1.188486] usbcore: registered new interface driver hub
[    1.191145] usbcore: registered new device driver usb
[    1.198062] PCI: Using ACPI for IRQ routing
[    1.200567] NetLabel: Initializing
[    1.202220] NetLabel:  domain hash size = 128
[    1.204162] NetLabel:  protocols = UNLABELED CIPSOv4
[    1.206105] NetLabel:  unlabeled traffic allowed by default
[    1.208460] amd_nb: Cannot enumerate AMD northbridges
[    1.210908] clocksource: Switched to clocksource kvm-clock
[    1.227732] AppArmor: AppArmor Filesystem Enabled
[    1.236880] pnp: PnP ACPI init
[    1.240564] pnp: PnP ACPI: found 3 devices
[    1.260711] clocksource: acpi_pm: mask: 0xffffff max_cycles: 0xffffff, max_idle_ns: 2085701024 ns
[    1.266874] NET: Registered protocol family 2
[    1.269322] TCP established hash table entries: 8192 (order: 4, 65536 bytes)
[    1.273517] TCP bind hash table entries: 8192 (order: 5, 131072 bytes)
[    1.276201] TCP: Hash tables configured (established 8192 bind 8192)
[    1.280600] UDP hash table entries: 512 (order: 2, 16384 bytes)
[    1.284124] UDP-Lite hash table entries: 512 (order: 2, 16384 bytes)
[    1.286540] NET: Registered protocol family 1
[    1.288778] pci 0000:00:00.0: Limiting direct PCI/PCI transfers
[    1.291465] pci 0000:00:01.0: Activating ISA DMA hang workarounds
[    1.295633] Unpacking initramfs...
[    1.874721] Freeing initrd memory: 14888K
[    1.877884] RAPL PMU detected, API unit is 2^-32 Joules, 4 fixed counters 10737418240 ms ovfl timer
[    1.887920] hw unit of domain pp0-core 2^-0 Joules
[    1.891161] hw unit of domain package 2^-0 Joules
[    1.895546] hw unit of domain dram 2^-0 Joules
[    1.900265] hw unit of domain pp1-gpu 2^-0 Joules
[    1.903366] clocksource: tsc: mask: 0xffffffffffffffff max_cycles: 0x19f228ab7a2, max_idle_ns: 440795289252 ns
[    1.911830] platform rtc_cmos: registered platform RTC device (no PNP device found)
[    1.916652] Scanning for low memory corruption every 60 seconds
[    1.922972] audit: initializing netlink subsys (disabled)
[    1.925343] audit: type=2000 audit(1654615373.954:1): initialized
[    1.928715] Initialise system trusted keyring
[    1.934880] HugeTLB registered 2 MB page size, pre-allocated 0 pages
[    1.942621] zbud: loaded
[    1.946881] VFS: Disk quotas dquot_6.6.0
[    1.949071] VFS: Dquot-cache hash table entries: 512 (order 0, 4096 bytes)
[    1.955587] squashfs: version 4.0 (2009/01/31) Phillip Lougher
[    1.961130] fuse init (API version 7.23)
[    1.964846] Key type big_key registered
[    1.968906] Allocating IMA MOK and blacklist keyrings.
[    1.978985] Key type asymmetric registered
[    1.981653] Asymmetric key parser 'x509' registered
[    1.984507] Block layer SCSI generic (bsg) driver version 0.4 loaded (major 249)
[    1.990680] io scheduler noop registered
[    1.994119] io scheduler deadline registered (default)
[    1.999435] io scheduler cfq registered
[    2.005473] pci_hotplug: PCI Hot Plug PCI Core version: 0.5
[    2.012368] pciehp: PCI Express Hot Plug Controller Driver version: 0.4
[    2.019748] ACPI: AC Adapter [AC] (on-line)
[    2.024838] input: Power Button as /devices/LNXSYSTM:00/LNXPWRBN:00/input/input0
[    2.029266] ACPI: Power Button [PWRF]
[    2.033877] input: Sleep Button as /devices/LNXSYSTM:00/LNXSLPBN:00/input/input1
[    2.038839] ACPI: Sleep Button [SLPF]
[    2.042031] GHES: HEST is not enabled!
[    2.045448] ACPI: Battery Slot [BAT0] (battery present)
[    2.049656] Serial: 8250/16550 driver, 32 ports, IRQ sharing enabled
[    2.076108] 00:02: ttyS0 at I/O 0x3f8 (irq = 4, base_baud = 115200) is a 16550A
[    2.090274] Linux agpgart interface v0.103
[    2.099950] loop: module loaded
[    2.102663] scsi host0: ata_piix
[    2.105726] scsi host1: ata_piix
[    2.107827] ata1: PATA max UDMA/33 cmd 0x1f0 ctl 0x3f6 bmdma 0xd000 irq 14
[    2.110412] ata2: PATA max UDMA/33 cmd 0x170 ctl 0x376 bmdma 0xd008 irq 15
[    2.122746] libphy: Fixed MDIO Bus: probed
[    2.125195] tun: Universal TUN/TAP device driver, 1.6
[    2.128052] tun: (C) 1999-2004 Max Krasnyansky <maxk@qualcomm.com>
[    2.133022] PPP generic driver version 2.4.2
[    2.135147] ehci_hcd: USB 2.0 'Enhanced' Host Controller (EHCI) Driver
[    2.140234] ehci-pci: EHCI PCI platform driver
[    2.142232] ehci-platform: EHCI generic platform driver
[    2.146314] ohci_hcd: USB 1.1 'Open' Host Controller (OHCI) Driver
[    2.150126] ohci-pci: OHCI PCI platform driver
[    2.153873] ohci-platform: OHCI generic platform driver
[    2.157055] uhci_hcd: USB Universal Host Controller Interface driver
[    2.160067] i8042: PNP: PS/2 Controller [PNP0303:PS2K,PNP0f03:PS2M] at 0x60,0x64 irq 1,12
[    2.164718] serio: i8042 KBD port at 0x60,0x64 irq 1
[    2.166640] serio: i8042 AUX port at 0x60,0x64 irq 12
[    2.170120] mousedev: PS/2 mouse device common for all mice
[    2.173758] input: AT Translated Set 2 keyboard as /devices/platform/i8042/serio0/input/input2
[    2.178357] rtc_cmos rtc_cmos: rtc core: registered rtc_cmos as rtc0
[    2.180651] rtc_cmos rtc_cmos: alarms up to one day, 114 bytes nvram
[    2.183665] i2c /dev entries driver
[    2.186172] device-mapper: uevent: version 1.0.3
[    2.188408] device-mapper: ioctl: 4.34.0-ioctl (2015-10-28) initialised: dm-devel@redhat.com
[    2.193638] ledtrig-cpu: registered to indicate activity on CPUs
[    2.198160] NET: Registered protocol family 10
[    2.201157] NET: Registered protocol family 17
[    2.202959] Key type dns_resolver registered
[    2.205721] registered taskstats version 1
[    2.208247] Loading compiled-in X.509 certificates
[    2.210800] Loaded X.509 cert 'Build time autogenerated kernel key: cf00e047681d67edb2720680708b7d9498083038'
[    2.215281] zswap: loaded using pool lzo/zbud
[    2.223051] Key type trusted registered
[    2.231838] Key type encrypted registered
[    2.234934] AppArmor: AppArmor sha1 policy hashing enabled
[    2.237136] ima: No TPM chip found, activating TPM-bypass!
[    2.239247] ima: Allocated hash algorithm: sha1
[    2.241692] evm: HMAC attrs: 0x1
[    2.243732]   Magic number: 10:937:385
[    2.245619] thermal cooling_device0: hash matches
[    2.247743] rtc_cmos rtc_cmos: setting system clock to 2022-06-07 15:22:46 UTC (1654615366)
[    2.251234] BIOS EDD facility v0.16 2004-Jun-25, 0 devices found
[    2.254965] EDD information not available.
[    2.283508] Freeing unused kernel memory: 1492K
[    2.285715] Write protecting the kernel read-only data: 14336k
[    2.290185] Freeing unused kernel memory: 1584K
[    2.292683] Freeing unused kernel memory: 52K
Loading, please wait...
starting version 229
[    2.321549] random: systemd-udevd: uninitialized urandom read (16 bytes read, 5 bits of entropy available)
[    2.326178] random: udevadm: uninitialized urandom read (16 bytes read, 5 bits of entropy available)
[    2.326212] random: udevadm: uninitialized urandom read (16 bytes read, 5 bits of entropy available)
[    2.339201] random: systemd-udevd: uninitialized urandom read (16 bytes read, 5 bits of entropy available)
[    2.345299] random: systemd-udevd: uninitialized urandom read (16 bytes read, 5 bits of entropy available)
[    2.349627] random: systemd-udevd: uninitialized urandom read (16 bytes read, 5 bits of entropy available)
[    2.350477] random: udevadm: uninitialized urandom read (16 bytes read, 5 bits of entropy available)
[    2.350532] random: udevadm: uninitialized urandom read (16 bytes read, 5 bits of entropy available)
[    2.350691] random: udevadm: uninitialized urandom read (16 bytes read, 5 bits of entropy available)
[    2.350751] random: udevadm: uninitialized urandom read (16 bytes read, 5 bits of entropy available)
[    2.451422] e1000: Intel(R) PRO/1000 Network Driver - version 7.3.21-k8-NAPI
[    2.454321] e1000: Copyright (c) 1999-2006 Intel Corporation.
[    2.495688] Fusion MPT base driver 3.04.20
[    2.499167] Copyright (c) 1999-2008 LSI Corporation
[    2.521621] Fusion MPT SPI Host driver 3.04.20
[    2.524573] AVX2 version of gcm_enc/dec engaged.
[    2.527087] AES CTR mode by8 optimization enabled
[    2.533066] mptbase: ioc0: Initiating bringup
[    2.763233] input: ImExPS/2 Generic Explorer Mouse as /devices/platform/i8042/serio1/input/input4
[    2.767499] ioc0: LSI53C1030 A0: Capabilities={Initiator}
[    3.974032] scsi host2: ioc0: LSI53C1030 A0, FwRev=00000000h, Ports=1, MaxQ=256, IRQ=20
[    4.911574] scsi 2:0:0:0: Direct-Access     VBOX     HARDDISK         1.0  PQ: 0 ANSI: 5
[    4.916672] scsi target2:0:0: Beginning Domain Validation
[    4.921925] scsi target2:0:0: Domain Validation skipping write tests
[    4.925991] scsi target2:0:0: Ending Domain Validation
[    4.928465] scsi target2:0:0: asynchronous
[    4.931385] scsi 2:0:1:0: Direct-Access     VBOX     HARDDISK         1.0  PQ: 0 ANSI: 5
[    4.950028] scsi target2:0:1: Beginning Domain Validation
[    4.955902] scsi target2:0:1: Domain Validation skipping write tests
[    4.959497] scsi target2:0:1: Ending Domain Validation
[    4.962833] scsi target2:0:1: asynchronous
[    4.984661] sd 2:0:0:0: Attached scsi generic sg0 type 0
[    4.987911] sd 2:0:0:0: [sda] 83886080 512-byte logical blocks: (42.9 GB/40.0 GiB)
[    4.994614] sd 2:0:1:0: Attached scsi generic sg1 type 0
[    4.999560] sd 2:0:0:0: [sda] Write Protect is off
[    5.001966] sd 2:0:1:0: [sdb] 20480 512-byte logical blocks: (10.5 MB/10.0 MiB)
[    5.008701] sd 2:0:0:0: [sda] Incomplete mode parameter data
[    5.012933] sd 2:0:0:0: [sda] Assuming drive cache: write through
[    5.017235] sd 2:0:1:0: [sdb] Write Protect is off
[    5.020182] sd 2:0:1:0: [sdb] Incomplete mode parameter data
[    5.022908] sd 2:0:1:0: [sdb] Assuming drive cache: write through
[    5.029876]  sda: sda1
[    5.034714] sd 2:0:0:0: [sda] Attached SCSI disk
[    5.037476] sd 2:0:1:0: [sdb] Attached SCSI disk
[    5.856156] e1000 0000:00:03.0 eth0: (PCI:33MHz:32-bit) 02:be:82:6b:cc:1d
[    5.860676] e1000 0000:00:03.0 eth0: Intel(R) PRO/1000 Network Connection
[    6.856237] e1000 0000:00:08.0 eth1: (PCI:33MHz:32-bit) 08:00:27:0f:12:76
[    6.858764] e1000 0000:00:08.0 eth1: Intel(R) PRO/1000 Network Connection
[    6.863530] e1000 0000:00:03.0 enp0s3: renamed from eth0
[    6.879715] e1000 0000:00:08.0 enp0s8: renamed from eth1
Begin: Loading essential drivers ... [    8.374491] md: linear personality registered for level -1
[    8.383536] md: multipath personality registered for level -4
[    8.391418] md: raid0 personality registered for level 0
[    8.404436] md: raid1 personality registered for level 1
[    8.479365] raid6: sse2x1   gen()  6726 MB/s
[    8.547040] raid6: sse2x1   xor()  4701 MB/s
[    8.616678] raid6: sse2x2   gen()  7469 MB/s
[    8.687088] raid6: sse2x2   xor()  5268 MB/s
[    8.755457] raid6: sse2x4   gen()  4396 MB/s
[    8.839431] raid6: sse2x4   xor()   351 MB/s
[    8.923198] raid6: avx2x1   gen()  5986 MB/s
[    8.991264] raid6: avx2x2   gen()  8536 MB/s
[    9.063279] raid6: avx2x4   gen()  4561 MB/s
[    9.072170] raid6: using algorithm avx2x2 gen() 8536 MB/s
[    9.074435] raid6: using avx2x2 recovery algorithm
[    9.079884] xor: automatically using best checksumming function:
[    9.119211]    avx       : 18101.000 MB/sec
[    9.122946] async_tx: api initialized (async)
[    9.145210] md: raid6 personality registered for level 6
[    9.147609] md: raid5 personality registered for level 5
[    9.153478] md: raid4 personality registered for level 4
[    9.166768] md: raid10 personality registered for level 10
done.
Begin: Running /scripts/init-premount ... done.
Begin: Mounting root file system ... Begin: Running /scripts/local-top ... done.
Begin: Running /scripts/local-premount ... [    9.230202] Btrfs loaded
Scanning for Btrfs filesystems
done.
Warning: fsck not present, so skipping root file system
[    9.307389] EXT4-fs (sda1): INFO: recovery required on readonly filesystem
[    9.310755] EXT4-fs (sda1): write access will be enabled during recovery
[    9.541572] EXT4-fs (sda1): recovery complete
[    9.544775] EXT4-fs (sda1): mounted filesystem with ordered data mode. Opts: (null)
done.
Begin: Running /scripts/local-bottom ... done.
Begin: Running /scripts/init-bottom ... done.
[    9.858122] systemd[1]: systemd 229 running in system mode. (+PAM +AUDIT +SELINUX +IMA +APPARMOR +SMACK +SYSVINIT +UTMP +LIBCRYPTSETUP +GCRYPT +GNUTLS +ACL +XZ -LZ4 +SECCOMP +BLKID +ELFUTILS +KMOD -IDN)
[    9.867361] systemd[1]: Detected virtualization oracle.
[    9.878462] systemd[1]: Detected architecture x86-64.

Welcome to [1mUbuntu 16.04.7 LTS[0m!

[    9.894002] systemd[1]: Set hostname to <ubuntu-xenial>.
[   10.497148] systemd[1]: Started Trigger resolvconf update for networkd DNS.
[[0;32m  OK  [0m] Started Trigger resolvconf update for networkd DNS.
[   10.505718] systemd[1]: Reached target Encrypted Volumes.
[[0;32m  OK  [0m] Reached target Encrypted Volumes.
[   10.511588] systemd[1]: Reached target System Time Synchronized.
[[0;32m  OK  [0m] Reached target System Time Synchronized.
[   10.516966] systemd[1]: Started Forward Password Requests to Wall Directory Watch.
[[0;32m  OK  [0m] Started Forward Password Requests to Wall Directory Watch.
[   10.525074] systemd[1]: Listening on udev Kernel Socket.
[[0;32m  OK  [0m] Listening on udev Kernel Socket.
[   10.537148] systemd[1]: Listening on Syslog Socket.
[[0;32m  OK  [0m] Listening on Syslog Socket.
[   10.548350] systemd[1]: Listening on Journal Socket.
[[0;32m  OK  [0m] Listening on Journal Socket.
[   10.555380] systemd[1]: Listening on Journal Audit Socket.
[[0;32m  OK  [0m] Listening on Journal Audit Socket.
[   10.560282] systemd[1]: Reached target User and Group Name Lookups.
[[0;32m  OK  [0m] Reached target User and Group Name Lookups.
[   10.566344] systemd[1]: Created slice System Slice.
[[0;32m  OK  [0m] Created slice System Slice.
[   10.583397] systemd[1]: Starting Create list of required static device nodes for the current kernel...
         Starting Create list of required st... nodes for the current kernel...
[   10.597155] systemd[1]: Starting Load Kernel Modules...
         Starting Load Kernel Modules...
[   10.602305] systemd[1]: Listening on udev Control Socket.
[[0;32m  OK  [0m] Listening on udev Control Socket.
[   10.616385] systemd[1]: Starting Set console keymap...
         Starting Set console keymap...
[   10.623691] systemd[1]: Starting Nameserver information manager...
[   10.628342] random: nonblocking pool is initialized
         Starting Nameserver information manager...
[   10.641887] systemd[1]: Listening on fsck to fsckd communication Socket.
[   10.642351] Loading iSCSI transport class v2.0-870.
[[0;32m  OK  [0m] Listening on fsck to fsckd communication Socket.
[   10.672127] iscsi: registered transport (tcp)
[   10.675380] systemd[1]: Starting File System Check on Root Device...
         Starting File System Check on Root Device...
[   10.691794] systemd[1]: Listening on Journal Socket (/dev/log).
[[0;32m  OK  [0m] Listening on Journal Socket (/dev/log).
[   10.700101] systemd[1]: Starting Journal Service...
         Startin[   10.705808] systemd[1]: Listening on Device-mapper event daemon FIFOs.
g Journal Service...
[[0;32m  OK  [0m] Listening on[   10.711712] systemd[1]: Starting Uncomplicated firewall...
 Device-mapper event daemon FIFOs.
         Starting Uncomplicated firewall...
[   10.724081] systemd[1]: Mounting Huge Pages File System...
         Mounting Huge Pages File System...
[   10.730718] systemd[1]: Listening on /dev/initctl Compatibility Named Pipe.
[[0;32m  OK  [0m] Listening on /dev/initctl Compatibility Named Pipe.
[   10.743807] systemd[1]: Mounting Debug File System...
         Mounting Debug File System...
[   10.749820] systemd[1]: Set up automount Arbitrary Executable File Formats File System Automount Point.
[[0;32m  OK  [0m] Set up automount Arbitrary Executab...ats File System Automount Point.
[   10.763866] systemd[1]: Created slice system-serial\x2dgetty.slice.
[[0;32m  OK  [0m] Created slice system-serial\x2dgetty.slice.
[   10.771448] systemd[1]: Reached target Swap.
[[0;32m  OK  [0m] Reached target Swap.
[   10.787515] systemd[1]: Listening on LVM2 poll daemon socket.
[[0;32m  OK  [0m] Listening on LVM2 poll daemon socket.
[   10.794180] systemd[1]: Created slice User and Session Slice.
[[0;32m  OK  [0m] Created slice User and Session Slice.
[   10.803538] systemd[1]: Listening on LVM2 metadata daemon socket.
[[0;32m  OK  [0m] Listening on LVM2 metadata daemon socket.
[   10.831215] systemd[1]: Starting Monitoring of LVM2 mirrors, snapshots etc. using dmeventd or progress polling...
         Starting Monitoring of LVM2 mirrors... dmeventd or progress polling...
[   10.848510] systemd[1]: Reached target Slices.
[[0;32m  OK  [0m] Reached target Slices.
[   10.859769] iscsi: registered transport (iser)
[   10.860271] systemd[1]: Mounting POSIX Message Queue File System...
         Mounting POSIX Message Queue File System...
[   10.885652] systemd[1]: Mounted Huge Pages File System.
[[0;32m  OK  [0m] Mounted Huge Pages File System.
[   10.892463] systemd[1]: Mounted POSIX Message Queue File System.
[[0;32m  OK  [0m] Mounted POSIX Message Queue File System.
[   10.908056] systemd[1]: Mounted Debug File System.
[[0;32m  OK  [0m] Mounted Debug File System.
[   10.913053] systemd[1]: Started Journal Service.
[[0;32m  OK  [0m] Started Journal Service.
[[0;32m  OK  [0m] Started Create list of required sta...ce nodes for the current kernel.
[[0;32m  OK  [0m] Started Load Kernel Modules.
[[0;32m  OK  [0m] Started Set console keymap.
[[0;32m  OK  [0m] Started File System Check on Root Device.
[[0;32m  OK  [0m] Started Uncomplicated firewall.
[[0;32m  OK  [0m] Started Nameserver information manager.
[[0;32m  OK  [0m] Started File System Check Daemon to report status.
[[0;32m  OK  [0m] Started LVM2 metadata daemon.
         Starting Remount Root and Kernel File Systems...
         Starting Apply Kernel Variables...
         Mounting FUSE Control File System...
[   11.021480] EXT4-fs (sda1): re-mounted. Opts: (null)
         Starting Create Static Device Nodes in /dev...
[[0;32m  OK  [0m] Mounted FUSE Control File System.
[[0;32m  OK  [0m] Started Remount Root and Kernel File Systems.
[[0;32m  OK  [0m] Started Apply Kernel Variables.
         Starting udev Coldplug all Devices...
         Starting Flush Journal to Persistent Storage...
         Starting Load/Save Random Seed...
[[0;32m  OK  [0m] Started Flush Journal to Persistent Storage.
[[0;32m  OK  [0m] Started Create Static Device Nodes in /dev.
         Starting udev Kernel Device Manager...
[[0;32m  OK  [0m] Started Load/Save Random Seed.
[[0;32m  OK  [0m] Started Monitoring of LVM2 mirrors,...ng dmeventd or progress polling.
[[0;32m  OK  [0m] Reached target Local File Systems (Pre).
[[0;32m  OK  [0m] Reached target Local File Systems.
         Starting Set console font and keymap...
         Starting LSB: AppArmor initialization...
         Starting Create Volatile Files and Directories...
         Starting Tell Plymouth To Write Out Runtime Data...
         Starting Initial cloud-init job (pre-networking)...
[[0;32m  OK  [0m] Started Tell Plymouth To Write Out Runtime Data.
[[0;32m  OK  [0m] Started Create Volatile Files and Directories.
         Starting Update UTMP about System Boot/Shutdown...
[[0;32m  OK  [0m] Started Update UTMP about System Boot/Shutdown.
[[0;32m  OK  [0m] Started udev Coldplug all Devices.
[[0;32m  OK  [0m] Started udev Kernel Device Manager.
[[0;32m  OK  [0m] Started Dispatch Password Requests to Console Directory Watch.
[[0;32m  OK  [0m] Started LSB: AppArmor initialization.
         Starting Load AppArmor profiles managed internally by snapd...
[[0;32m  OK  [0m] Started Load AppArmor profiles managed internally by snapd.
[[0;32m  OK  [0m] Found device /dev/ttyS0.
[[0;32m  OK  [0m] Listening on Load/Save RF Kill Switch Status /dev/rfkill Watch.
[[0;32m  OK  [0m] Found device 82540EM Gigabit Ethern...r (PRO/1000 MT Desktop Adapter).
[[0;32m  OK  [0m] Started Set console font and keymap.
[[0;32m  OK  [0m] Created slice system-getty.slice.
[[0;32m  OK  [0m] Found device 82540EM Gigabit Ethern...r (PRO/1000 MT Desktop Adapter).
[   13.401473] cloud-init[491]: Cloud-init v. 21.1-19-gbad84ad4-0ubuntu1~16.04.2 running 'init-local' at Tue, 07 Jun 2022 15:22:57 +0000. Up 12.82 seconds.
[[0;32m  OK  [0m] Started Initial cloud-init job (pre-networking).
[[0;32m  OK  [0m] Reached target Network (Pre).
[[0;32m  OK  [0m] Started ifup for enp0s8.
         Starting Raise network interfaces...
[[0;32m  OK  [0m] Started ifup for enp0s3.
[[0;1;31mFAILED[0m] Failed to start Raise network interfaces.
See 'systemctl status networking.service' for details.
[[0;32m  OK  [0m] Reached target Network.
         Starting Initial cloud-init job (metadata service crawler)...
[   14.813754] cloud-init[1105]: Cloud-init v. 21.1-19-gbad84ad4-0ubuntu1~16.04.2 running 'init' at Tue, 07 Jun 2022 15:22:58 +0000. Up 14.29 seconds.
[   14.817989] cloud-init[1105]: ci-info: ++++++++++++++++++++++++++++++++++++++Net device info+++++++++++++++++++++++++++++++++++++++
[   14.823872] cloud-init[1105]: ci-info: +--------+------+-----------------------------+---------------+--------+-------------------+
[   14.837009] cloud-init[1105]: ci-info: | Device |  Up  |           Address           |      Mask     | Scope  |     Hw-Address    |
[   14.841480] cloud-init[1105]: ci-info: +--------+------+-----------------------------+---------------+--------+-------------------+
[   14.845470] cloud-init[1105]: ci-info: | enp0s3 | True |          10.0.2.15          | 255.255.255.0 | global | 02:be:82:6b:cc:1d |
[   14.850552] cloud-init[1105]: ci-info: | enp0s3 | True |  fe80::be:82ff:fe6b:cc1d/64 |       .       |  link  | 02:be:82:6b:cc:1d |
[   14.860552] cloud-init[1105]: ci-info: | enp0s8 | True |        192.168.10.10        | 255.255.255.0 | global | 08:00:27:0f:12:76 |
[   14.873030] cloud-init[1105]: ci-info: | enp0s8 | True | fe80::a00:27ff:fe0f:1276/64 |       .       |  link  | 08:00:27:0f:12:76 |
[   14.878466] cloud-init[1105]: ci-info: |   lo   | True |          127.0.0.1          |   255.0.0.0   |  host  |         .         |
[   14.883139] [[0;32m  OK  [0m] Started Initial cloud-init job (metadata service crawler).
[[0;32m  OK  [0m] Reached target Network is Online.
cloud-init[1105]: ci-info: |   lo   | True |           ::1/128           |       .       |  host  |         .         |
[   14.892912] cloud-init[1105]: ci-info: +--------+------+-----------------------------+---------------+--------+-------------------+
         Starting iSCSI initiator daemon (iscsid)...
[   14.900423] cloud-init[1105]: ci-info: ++++++++++++++++++++++++++++Route IPv4 info++++++++++++++++++++++++++++
[[0;32m  OK  [0m] Reached target System Initialization.
[   14.910627] cloud-init[1105]: ci-info: +-------+--------------+----------+---------------+-----------+-------+
[   14.920855] cloud-init[1105]: [[0;32m  OK  [0m] Started ACPI Events Check.
ci-info: | Route | Destination  | Gateway  |    Genmask    | Interface | Flags |
[   14.927135] [[0;32m  OK  [0m] Started Message of the Day.
[[0;32m  OK  [0m] Started Daily apt download activities.
[[0;32m  OK  [0m] Listening on ACPID Listen Socket.
[[0;32m  OK  [0m] Started Daily apt upgrade and clean activities.
[[0;32m  OK  [0m] Listening on UUID daemon activation socket.
cloud-init[1105]: ci-info: +-------+--------------+----------+---------------+-----------+-------+
         Starting Socket activation for snappy daemon.
[   14.950479] cloud-init[1105]: ci-info: |   0   |   0.0.0.0    | 10.0.2.2 |    0.0.0.0    |   enp0s3  |   UG  |[
[0;32m  OK  [0m] Started Trigger to poll for Ubuntu ...nly enabled on GCP LTS non-pro).
[   14.958829] [cloud-init[0;32m  OK  [0m[1105]: ] ci-info: |   1   |   10.0.2.0   | 0.0.0.0  | 255.255.255.0 |   enp0s3  |   U   |Reached target Paths.

         Starting LXD - unix socket.
[   14.970576] cloud-init[1105]: ci-info: |   2   | 192.168.10.0 | 0.0.0.0  | 255.255.255.0 |   enp0s8  |   U   |
[[0;32m  OK  [0m] Started Ubuntu Advantage Timer for running repeated jobs.
[   14.978349] cloud-init[1105]: ci-info: +-------+--------------+----------+---------------+-----------+-------+
[   14.987006] [[0;32m  OK  [0m] Started Daily Cleanup of Temporary Directories.
cloud-init[1105]: ci-info: +++++++++++++++++++Route IPv6 info+++++++++++++++++++
[[0;32m  OK  [0m] Reached target Timers.
[[0;32m  OK  [0m] Listening on D-Bus System Message Bus Socket.
[   14.988762] cloud-init[1105]: ci-info: +-------+-------------+---------+-----------+-------+[[0;32m  OK  [0m] Reached target Cloud-config availability.

[   15.007723] cloud-init[1105]: ci-info: | Route | Destination | Gateway | Interface | Flags |
[   15.014403] cloud-init[1105]: ci-info: +-------+-------------+---------+-----------+-------+
[   15.020674] cloud-init[1105]: ci-info: |   0   |  fe80::/64  |    ::   |   enp0s8  |   U   |
[[0;32m  OK  [0m] Listening on Socket activation for snappy daemon.
[[0;32m  OK  [0m] Listening on LXD - unix socket.
[[0;32m  OK  [0m] Reached target Sockets.
[[0;32m  OK  [0m] Reached target Basic System.
[   15.029215] cloud-init[1105]: ci-info: |   1   |  fe80::/64  |    ::   |   enp0s3  |   U   |
         Starting Accounts Service...
[   15.047571] cloud-init[1105]: ci-info: |   4   |   ff00::/8  |    ::   |   enp0s8  |   U   |
[   15.056625] cloud-init[1105]: ci-info: |   5   |   ff00::/8  |    ::   |   enp0s3  |   U   |
         Starting System Logging Service...
         Starting /etc/rc.local Compatibility...
[   15.067106] cloud-init[1105]: ci-info: +-------+-------------+---------+-----------+-------+
         Starting LSB: Record successful boot for GRUB...
[[0;32m  OK  [0m] Started High-performance, schema-free document-oriented database.
         Starting LSB: MD monitoring daemon...
[[0;32m  OK  [0m] Started Deferred execution scheduler.
[[0;32m  OK  [0m] Started FUSE filesystem for LXC.
         Starting Virtualbox guest utils...
[[0;32m  OK  [0m] Started D-Bus System Message Bus.
         Starting LXD - container startup/shutdown...
[[0;32m  OK  [0m] Started Regular background program processing daemon.
[[0;32m  OK  [0m] Started ACPI event daemon.
         Starting A high performance web server and a reverse proxy server...
         Starting Login Service...
         Starting OpenBSD Secure Shell server...
         Starting Snap Daemon...
[[0;32m  OK  [0m] Started System Logging Service.
[[0;32m  OK  [0m] Started iSCSI initiator daemon (iscsid).
[[0;32m  OK  [0m] Started /etc/rc.local Compatibility.
         Starting Authenticate and Authorize Users to Run Privileged Tasks...
         Starting Login to default iSCSI targets...
[[0;32m  OK  [0m] Started Login Service.
[[0;32m  OK  [0m] Started Unattended Upgrades Shutdown.
[[0;32m  OK  [0m] Started LSB: Record successful boot for GRUB.
[[0;32m  OK  [0m] Started LSB: MD monitoring daemon.
[[0;32m  OK  [0m] Started Login to default iSCSI targets.
[[0;32m  OK  [0m] Reached target Remote File Systems (Pre).
         Mounting /home/newvagrant...
[[0;32m  OK  [0m] Started OpenBSD Secure Shell server.
[[0;32m  OK  [0m] Started Authenticate and Authorize Users to Run Privileged Tasks.
[[0;32m  OK  [0m] Started Accounts Service.
[[0;1;31mFAILED[0m] Failed to mount /home/newvagrant.
See 'systemctl status home-newvagrant.mount' for details.
[[0;1;33mDEPEND[0m] Dependency failed for Remote File Systems.
         Starting LSB: automatic crash report generation...
         Starting LSB: Set the CPU Frequency Scaling governor to "ondemand"...
         Starting Permit User Sessions...
         Starting LSB: daemon to balance interrupts for SMP systems...
[[0;32m  OK  [0m] Started Permit User Sessions.
         Starting Hold until boot process finishes up...
         Starting Terminate Plymouth Boot Screen...
[[0;32m  OK  [0m] Started Hold until boot process finishes up.
[[0;32m  OK  [0m] Started Terminate Plymouth Boot Screen.
[[0;32m  OK  [0m] Started Serial Getty on ttyS0.
         Starting Set console scheme...
[[0;32m  OK  [0m] Started Getty on tty1.
[[0;32m  OK  [0m] Reached target Login Prompts.
[[0;32m  OK  [0m] Started Set console scheme.
[[0;32m  OK  [0m] Started LXD - container startup/shutdown.
[[0;32m  OK  [0m] Started LSB: Set the CPU Frequency Scaling governor to "ondemand".
[[0;32m  OK  [0m] Started LSB: daemon to balance interrupts for SMP systems.
[[0;32m  OK  [0m] Started LSB: automatic crash report generation.
[[0;32m  OK  [0m] Created slice User Slice of vagrant.
         Starting User Manager for UID 1000...
[[0;32m  OK  [0m] Started A high performance web server and a reverse proxy server.
[[0;32m  OK  [0m] Started Session 1 of user vagrant.
[[0;32m  OK  [0m] Started Virtualbox guest utils.
[[0;32m  OK  [0m] Started User Manager for UID 1000.
[[0;32m  OK  [0m] Started Snap Daemon.
         Starting Wait until snapd is fully seeded...
[[0;32m  OK  [0m] Started Wait until snapd is fully seeded.
         Starting Apply the settings specified in cloud-config...
[[0;32m  OK  [0m] Reached target Multi-User System.
[[0;32m  OK  [0m] Reached target Graphical Interface.
         Starting Update UTMP about System Runlevel Changes...
[[0;32m  OK  [0m] Started Update UTMP about System Runlevel Changes.
[   18.368383] cloud-init[1432]: Cloud-init v. 21.1-19-gbad84ad4-0ubuntu1~16.04.2 running 'modules:config' at Tue, 07 Jun 2022 15:23:02 +0000. Up 18.04 seconds.
[[0;32m  OK  [0m] Started Apply the settings specified in cloud-config.
         Starting Execute cloud user/final scripts...
[   19.934966] cloud-init[1496]: Cloud-init v. 21.1-19-gbad84ad4-0ubuntu1~16.04.2 running 'modules:final' at Tue, 07 Jun 2022 15:23:04 +0000. Up 19.61 seconds.
[   19.947076] cloud-init[1496]: Cloud-init v. 21.1-19-gbad84ad4-0ubuntu1~16.04.2 finished at Tue, 07 Jun 2022 15:23:04 +0000. Datasource DataSourceNoCloud [seed=/dev/sdb][dsmode=net].  Up 19.91 seconds
[[0;32m  OK  [0m] Started Execute cloud user/final scripts.
[[0;32m  OK  [0m] Reached target Cloud-init target.

Ubuntu 16.04.7 LTS ubuntu-xenial ttyS0

ubuntu-xenial login: 